[2026-05-30 06:35:56] ========== Starting price sync ==========
[2026-05-30 06:35:56] Found 50 services with API providers
[2026-05-30 06:35:57] ⏭️ No change: YouTube Adword Views [ SKIPPABLE ADS ] [ Min 1K ] [ 2K - 20K / Day ] [ FRANCE ] | Price: $6.37 | API: $6.37 | Diff: 0%
[2026-05-30 06:35:58] ⏭️ No change: YouTube Adword Views [ SKIPPABLE ADS ] [ Min 1K ] [ 2K - 20K / Day ] [ AUSTRALIA ] | Price: $6.37 | API: $6.37 | Diff: 0%
[2026-05-30 06:35:59] ========== Starting price sync ==========
[2026-05-30 06:35:59] Found 50 services with API providers
[2026-05-30 06:36:00] ⏭️ No change: YouTube Adword Views [ SKIPPABLE ADS ] [ Min 1K ] [ 2K - 20K / Day ] [ FRANCE ] | Price: $6.37 | API: $6.37 | Diff: 0%
[2026-05-30 06:36:01] ⏭️ No change: YouTube Adword Views [ SKIPPABLE ADS ] [ Min 1K ] [ 2K - 20K / Day ] [ AUSTRALIA ] | Price: $6.37 | API: $6.37 | Diff: 0%
[2026-05-30 06:36:03] ⏭️ No change: YouTube Adword Views [ SKIPPABLE ADS ] [ Min 1K ] [ 2K - 20K / Day ] [ RUSSIA ] | Price: $6.37 | API: $6.37 | Diff: 0%
[2026-05-30 06:36:03] ⏭️ No change: YouTube Adword Views [ SKIPPABLE ADS ] [ Min 1K ] [ 2K - 20K / Day ] [ MEXICO ] | Price: $6.37 | API: $6.37 | Diff: 0%
[2026-05-30 06:36:05] ⏭️ No change: Linkedin Post Likes [Real] [World Wide] [1K/D] [0-1/H] | Price: $6.43 | API: $6.43 | Diff: 0%
[2026-05-30 06:36:06] ⏭️ No change: YouTube Views | Best for SEO🔥 | Global 🌍 | 𝐒𝐩𝐞𝐞𝐝:10K/Day | Retention: 5-10 Minutes | Non Drop | Lifetime Refill ♻️ | Price: $6.44 | API: $6.44 | Diff: 0%
[2026-05-30 06:36:07] ⏭️ No change: Youtube Ads Views [France] [Lifetime] [50-200K/D] [0-72/H] | Price: $6.47 | API: $6.47 | Diff: 0%
[2026-05-30 06:36:08] ⏭️ No change: Pinterest Likes [Real] [World Wide] [1K/D] [0-1/H] | Price: $6.48 | API: $6.48 | Diff: 0%
[2026-05-30 06:36:09] ⏭️ No change: Rutube Click To Top [Real] [World Wide] [1K/D] [0-1/H] | Price: $6.48 | API: $6.48 | Diff: 0%
[2026-05-30 06:36:10] ⏭️ No change: Telegram Story Views [Real] [World Wide] [1K/D] [0-1/H] | Price: $6.48 | API: $6.48 | Diff: 0%
[2026-05-30 06:36:11] ⏭️ No change: Medium Likes [Real] [World Wide] [1K/D] [0-1/H] | Price: $6.48 | API: $6.48 | Diff: 0%
[2026-05-30 06:36:12] ⏭️ No change: Tiktok Add To Favorites [Real] [World Wide] [1K/D] [0-1/H] | Price: $6.48 | API: $6.48 | Diff: 0%
[2026-05-30 06:36:13] ⏭️ No change: Quora Post Upvotes [Real] [World Wide] [1K/D] [0-1/H] | Price: $6.48 | API: $6.48 | Diff: 0%
[2026-05-30 06:36:13] ⏭️ No change: Spotify Likes [Real] [World Wide] [1K/D] [0-1/H] | Price: $6.48 | API: $6.48 | Diff: 0%
[2026-05-30 06:36:14] ⏭️ No change: Soundcloud Likes [Real] [World Wide] [1K/D] [0-1/H] | Price: $6.48 | API: $6.48 | Diff: 0%
[2026-05-30 06:36:15] ⏭️ No change: Telegram Post Views [Real] [World Wide] [1K/D] [0-1/H] | Price: $6.48 | API: $6.48 | Diff: 0%
[2026-05-30 06:36:17] ⏭️ No change: Instagram Saves [Real] [World Wide] [1K/D] [0-1/H] | Price: $6.48 | API: $6.48 | Diff: 0%
[2026-05-30 06:36:18] ⏭️ No change: Tiktok Views [Watchtime 15+ Seconds] [Real] [World Wide] [1K/D] [0-1/H] | Price: $6.48 | API: $6.48 | Diff: 0%
[2026-05-30 06:36:18] ⏭️ No change: Threads Likes [Real] [World Wide] [1K/D] [0-1/H] | Price: $6.48 | API: $6.48 | Diff: 0%
[2026-05-30 06:36:20] ⏭️ No change: Zen Read Full Article [Real] [World Wide] [1K/D] [0-1/H] | Price: $6.48 | API: $6.48 | Diff: 0%
[2026-05-30 06:36:20] ⏭️ No change: Snapchat Video Likes [Real] [World Wide] [1K/D] [0-1/H] | Price: $6.48 | API: $6.48 | Diff: 0%
[2026-05-30 06:36:21] ⏭️ No change: Likee Video Views [Watchtime 15+ Seconds] [Real] [World Wide] [1K/D] [0-1/H] | Price: $6.48 | API: $6.48 | Diff: 0%
[2026-05-30 06:36:22] ⏭️ No change: JACO Video Views [Watchtime 15+ Seconds] [Real] [World Wide] [1K/D] [0-1/H] | Price: $6.48 | API: $6.48 | Diff: 0%
[2026-05-30 06:36:23] ⏭️ No change: Premium Popunder Traffic Optimized for Apple Store | Price: $6.49 | API: $6.49 | Diff: 0%
[2026-05-30 06:36:24] ⏭️ No change: Premium Popunder Traffic Optimized for Temu | Price: $6.49 | API: $6.49 | Diff: 0%
[2026-05-30 06:36:25] ⏭️ No change: Premium Popunder Traffic Optimized for OpenSea.com | Price: $6.49 | API: $6.49 | Diff: 0%
[2026-05-30 06:36:26] ⏭️ No change: Youtube Costum Comments [Real] [30 Days Refill] [100-1K/D] [Instant] | Price: $6.53 | API: $6.53 | Diff: 0%
[2026-05-30 06:36:27] ⏭️ No change: 2009 - Youtube Ads Views [USA] [Lifetime] [50-200K/D] [0-72/H] | Price: $13.07 | API: $13.07 | Diff: 0%
[2026-05-30 06:36:28] ⏭️ No change: Youtube Comments [Real] [No Refill] [1K/D] [Instant] [Smooth] | Price: $6.53 | API: $6.53 | Diff: 0%
[2026-05-30 06:36:29] ⏭️ No change: Instagram Comments | Random | Price: $7.4 | API: $7.4 | Diff: 0%
[2026-05-30 06:36:30] ⏭️ No change: 🇮🇹 Italy Post Views [Future 500 Post] [Include Static 📊] | Price: $6.57 | API: $6.57 | Diff: 0%
[2026-05-30 06:36:31] ⏭️ No change: YouTube Video/Shorts Comments Created by AI [ Max 10K ] | 100% Real Accounts | Auto-Generate Comments Based on Video Content | Non Drop | 365 Days ♻️| Instant Start | Day 10K 🚀 | Price: $6.6 | API: $6.6 | Diff: 0%
[2026-05-30 06:36:32] ⏭️ No change: Instagram Followers [ 🇧🇷 Brazil ] [ Max 5M ] | Real Accounts With Posts | Cancel Enable | Low Drop | 90 Days ♻️ | Day 100K 🚀 [ 𝗣𝗥𝗢𝗩𝗜𝗗𝗘𝗥 ] | Price: $6.6 | API: $6.6 | Diff: 0%
[2026-05-30 06:36:33] ⏭️ No change: Likee Followers | Max 10K | Non Drop | Fast | Day 5K | Price: $6.7 | API: $6.7 | Diff: 0%
[2026-05-30 06:36:34] ⏭️ No change: 🙂 S85 - Instagram Follower | %70 Turkish 🇹🇷 | Max 2K | 1K per Day | Price: $5.99 | API: $5.99 | Diff: 0%
[2026-05-30 06:36:35] ⏭️ No change: Trovo Live Stream Views [Max 1K] [NoUserlist] [6 Hours] [𝐂𝐡𝐞𝐚𝐩] | Price: $6.74 | API: $6.74 | Diff: 0%
[2026-05-30 06:36:36] ⏭️ No change: Telegram Premium Views [Last 100 Posts] [Instant] | Price: $6.8 | API: $6.8 | Diff: 0%
[2026-05-30 06:36:37] ⏭️ No change: 2900 - YT Views [Livestream] [12 Hours] [100 Viewers for 1000 Quantity] [0-5/M] | Price: $6.8 | API: $6.8 | Diff: 0%
[2026-05-30 06:36:38] ⏭️ No change: Telegram Premium Views [Last 100 Posts] [Instant] | Price: $6.8 | API: $6.8 | Diff: 0%
[2026-05-30 06:36:39] ⏭️ No change: 4239 - YT Views [Livestream] [180 Minutes] | Price: $6.83 | API: $6.83 | Diff: 0%
[2026-05-30 06:36:40] ⏭️ No change: Instagram Followers [ 🇧🇷 Brazil ] [ Max 5M ] | Real Accounts With Posts | Cancel Enable | Low Drop | 365 Days ♻️ | Day 100K 🚀 [ 𝗣𝗥𝗢𝗩𝗜𝗗𝗘𝗥 ] | Price: $6.84 | API: $6.84 | Diff: 0%
[2026-05-30 06:36:41] ⏭️ No change: TikTok Live Stream Views [ Max 100K ] | 100% Concurrent | 90 Minutes [ Stable ] ✨ | Price: $39.6 | API: $39.6 | Diff: 0%
[2026-05-30 06:36:42] ⏭️ No change: YouTube Views | Best for SEO🔥 | South Korea 🇰🇷 | 𝐒𝐩𝐞𝐞𝐝:10K/Day | Retention: 5-10 Minutes | Non Drop | Lifetime Refill ♻️ | Price: $6.88 | API: $6.88 | Diff: 0%
[2026-05-30 06:36:43] ⏭️ No change: YouTube Views | Best for SEO🔥 | USA 🇺🇸 | 𝐒𝐩𝐞𝐞𝐝:10K/Day | Retention: 5-10 Minutes | Non Drop | Lifetime Refill ♻️ | Price: $6.88 | API: $6.88 | Diff: 0%
[2026-05-30 06:36:45] ⏭️ No change: YouTube Views | Best for SEO🔥 | Vietnam 🇻🇳 | 𝐒𝐩𝐞𝐞𝐝:10K/Day | Retention: 5-10 Minutes | Non Drop | Lifetime Refill ♻️ | Price: $6.88 | API: $6.88 | Diff: 0%
[2026-05-30 06:36:46] ⏭️ No change: YouTube Views | Best for SEO🔥 | Japan 🇯🇵 | 𝐒𝐩𝐞𝐞𝐝:10K/Day | Retention: 5-10 Minutes | Non Drop | Lifetime Refill ♻️ | Price: $6.88 | API: $6.88 | Diff: 0%
[2026-05-30 06:36:47] ⏭️ No change: 𝗜𝗻𝘀𝘁𝗮𝗴𝗿𝗮𝗺 𝗙𝗼𝗹𝗹𝗼𝘄𝗲𝗿𝘀 100% 𝗢𝗹𝗱 𝗔𝗰𝗰𝗼𝘂𝗻𝘁𝘀 𝗪𝗶𝘁𝗵  𝗣𝗼𝘀𝘁 [ 𝗡𝗼𝗻 - 𝗗𝗿𝗼𝗽 ] 𝗨𝗟𝗧𝗥𝗔 𝗙𝗔𝗦𝗧 300𝗞/𝗛𝗼𝘂𝗿 | 𝗦𝘁𝗮𝗯𝗹𝗲 𝗔𝗳𝘁𝗲𝗿 𝗨𝗽𝗱𝗮𝘁𝗲 | 𝗟𝗶𝗳𝗲𝘁𝗶𝗺𝗲 𝗥𝗲𝗳𝗶𝗹𝗹 ♻️ 𝗢𝗻𝗲 𝗰𝗹𝗶𝗰𝗸 𝗗𝗼𝗻𝗲 𝗙𝗼𝗿 𝗔𝗹𝗹 𝗙𝗹𝗮𝗴 ⭐⭐ ( RB - LIF )  | Price: $6.93 | API: $6.93 | Diff: 0%
[2026-05-30 06:36:48] ⏭️ No change: Yandex Zen Likes | Max: 25K | 30 Days Refill |  Day 1K | Price: $6.95 | API: $6.95 | Diff: 0%
[2026-05-30 06:36:50] ⏭️ No change: TikTok Live Stream Views [ Max 10K ] | 100% Real Accounts | Instant Start | [ 60 Minutes ] | Price: $6.96 | API: $6.96 | Diff: 0%
[2026-05-30 06:36:51] ⏭️ No change: Yandex Q Subscribers | Max: 10K | 30 Days Refill |  Day 1K | Price: $6.98 | API: $6.98 | Diff: 0%
[2026-05-30 06:36:51] ========== Summary ==========
[2026-05-30 06:36:51] ✅ Updated: 0 services
[2026-05-30 06:36:51] ⏭️ No change: 50 services
[2026-05-30 06:36:51] ❌ Failed: 0 services
[2026-05-30 06:36:51] ========== Sync completed ==========
